// Jest Snapshot v1, https://goo.gl/fbAQLP

exports[`GenericTemplateテスト スナップショット作成 1`] = `
<div
  className="makeStyles-root-1"
>
  <header
    className="MuiPaper-root MuiAppBar-root MuiAppBar-positionAbsolute MuiAppBar-colorPrimary makeStyles-appBar-4 makeStyles-appBarShift-5 MuiPaper-elevation4"
  >
    <div
      className="MuiToolbar-root MuiToolbar-regular makeStyles-toolbar-2 MuiToolbar-gutters"
    >
      <button
        aria-label="open drawer"
        className="MuiButtonBase-root MuiIconButton-root makeStyles-menuButton-6 makeStyles-menuButtonHidden-7 MuiIconButton-colorInherit MuiIconButton-edgeStart"
        disabled={false}
        onBlur={[Function]}
        onClick={[Function]}
        onDragLeave={[Function]}
        onFocus={[Function]}
        onKeyDown={[Function]}
        onKeyUp={[Function]}
        onMouseDown={[Function]}
        onMouseLeave={[Function]}
        onMouseUp={[Function]}
        onTouchEnd={[Function]}
        onTouchMove={[Function]}
        onTouchStart={[Function]}
        tabIndex={0}
        type="button"
      >
        <span
          className="MuiIconButton-label"
        >
          <svg
            aria-hidden={true}
            className="MuiSvgIcon-root MuiSvgIcon-fontSizeMedium css-i4bv87-MuiSvgIcon-root"
            data-testid="MenuIcon"
            focusable="false"
            viewBox="0 0 24 24"
          >
            <path
              d="M3 18h18v-2H3v2zm0-5h18v-2H3v2zm0-7v2h18V6H3z"
            />
          </svg>
        </span>
      </button>
      <h1
        className="MuiTypography-root makeStyles-title-8 MuiTypography-h6 MuiTypography-colorInherit MuiTypography-noWrap"
      >
        管理画面
      </h1>
    </div>
  </header>
  <div
    className="MuiDrawer-root MuiDrawer-docked"
  >
    <div
      className="MuiPaper-root MuiDrawer-paper makeStyles-drawerPaper-10 MuiDrawer-paperAnchorLeft MuiDrawer-paperAnchorDockedLeft MuiPaper-elevation0"
    >
      <div
        className="makeStyles-toolbarIcon-3"
      >
        <button
          className="MuiButtonBase-root MuiIconButton-root"
          disabled={false}
          onBlur={[Function]}
          onClick={[Function]}
          onDragLeave={[Function]}
          onFocus={[Function]}
          onKeyDown={[Function]}
          onKeyUp={[Function]}
          onMouseDown={[Function]}
          onMouseLeave={[Function]}
          onMouseUp={[Function]}
          onTouchEnd={[Function]}
          onTouchMove={[Function]}
          onTouchStart={[Function]}
          tabIndex={0}
          type="button"
        >
          <span
            className="MuiIconButton-label"
          >
            <svg
              aria-hidden={true}
              className="MuiSvgIcon-root MuiSvgIcon-fontSizeMedium css-i4bv87-MuiSvgIcon-root"
              data-testid="ChevronLeftIcon"
              focusable="false"
              viewBox="0 0 24 24"
            >
              <path
                d="M15.41 7.41 14 6l-6 6 6 6 1.41-1.41L10.83 12z"
              />
            </svg>
          </span>
        </button>
      </div>
      <hr
        className="MuiDivider-root"
      />
      <ul
        className="MuiList-root MuiList-padding"
      >
        <a
          className="makeStyles-link-16"
          href="/"
          onClick={[Function]}
        >
          <div
            aria-disabled={false}
            className="MuiButtonBase-root MuiListItem-root MuiListItem-gutters MuiListItem-button"
            onBlur={[Function]}
            onDragLeave={[Function]}
            onFocus={[Function]}
            onKeyDown={[Function]}
            onKeyUp={[Function]}
            onMouseDown={[Function]}
            onMouseLeave={[Function]}
            onMouseUp={[Function]}
            onTouchEnd={[Function]}
            onTouchMove={[Function]}
            onTouchStart={[Function]}
            role="button"
            tabIndex={0}
          >
            <div
              className="MuiListItemIcon-root"
            >
              <svg
                aria-hidden={true}
                className="MuiSvgIcon-root MuiSvgIcon-fontSizeMedium css-i4bv87-MuiSvgIcon-root"
                data-testid="HomeIcon"
                focusable="false"
                viewBox="0 0 24 24"
              >
                <path
                  d="M10 20v-6h4v6h5v-8h3L12 3 2 12h3v8z"
                />
              </svg>
            </div>
            <div
              className="MuiListItemText-root"
            >
              <span
                className="MuiTypography-root MuiListItemText-primary MuiTypography-body1 MuiTypography-displayBlock"
              >
                トップページ
              </span>
            </div>
          </div>
        </a>
        <li
          className="MuiListItem-root makeStyles-link-16 MuiListItem-gutters"
          disabled={false}
          onMouseOver={[Function]}
        >
          <div
            className="MuiListItemIcon-root"
          >
            <svg
              aria-hidden={true}
              className="MuiSvgIcon-root MuiSvgIcon-fontSizeMedium css-i4bv87-MuiSvgIcon-root"
              data-testid="GroupsIcon"
              focusable="false"
              viewBox="0 0 24 24"
            >
              <path
                d="M12 12.75c1.63 0 3.07.39 4.24.9 1.08.48 1.76 1.56 1.76 2.73V18H6v-1.61c0-1.18.68-2.26 1.76-2.73 1.17-.52 2.61-.91 4.24-.91zM4 13c1.1 0 2-.9 2-2s-.9-2-2-2-2 .9-2 2 .9 2 2 2zm1.13 1.1c-.37-.06-.74-.1-1.13-.1-.99 0-1.93.21-2.78.58C.48 14.9 0 15.62 0 16.43V18h4.5v-1.61c0-.83.23-1.61.63-2.29zM20 13c1.1 0 2-.9 2-2s-.9-2-2-2-2 .9-2 2 .9 2 2 2zm4 3.43c0-.81-.48-1.53-1.22-1.85-.85-.37-1.79-.58-2.78-.58-.39 0-.76.04-1.13.1.4.68.63 1.46.63 2.29V18H24v-1.57zM12 6c1.66 0 3 1.34 3 3s-1.34 3-3 3-3-1.34-3-3 1.34-3 3-3z"
              />
            </svg>
          </div>
          <div
            className="MuiListItemText-root"
          >
            <span
              className="MuiTypography-root MuiListItemText-primary MuiTypography-body1 MuiTypography-displayBlock"
            >
              チーム情報
            </span>
          </div>
        </li>
        <a
          className="makeStyles-link-16"
          href="/players"
          onClick={[Function]}
        >
          <div
            aria-disabled={false}
            className="MuiButtonBase-root MuiListItem-root MuiListItem-gutters MuiListItem-button"
            onBlur={[Function]}
            onDragLeave={[Function]}
            onFocus={[Function]}
            onKeyDown={[Function]}
            onKeyUp={[Function]}
            onMouseDown={[Function]}
            onMouseLeave={[Function]}
            onMouseUp={[Function]}
            onTouchEnd={[Function]}
            onTouchMove={[Function]}
            onTouchStart={[Function]}
            role="button"
            tabIndex={0}
          >
            <div
              className="MuiListItemIcon-root"
            >
              <svg
                aria-hidden={true}
                className="MuiSvgIcon-root MuiSvgIcon-fontSizeMedium css-i4bv87-MuiSvgIcon-root"
                data-testid="PersonIcon"
                focusable="false"
                viewBox="0 0 24 24"
              >
                <path
                  d="M12 12c2.21 0 4-1.79 4-4s-1.79-4-4-4-4 1.79-4 4 1.79 4 4 4zm0 2c-2.67 0-8 1.34-8 4v2h16v-2c0-2.66-5.33-4-8-4z"
                />
              </svg>
            </div>
            <div
              className="MuiListItemText-root"
            >
              <span
                className="MuiTypography-root MuiListItemText-primary MuiTypography-body1 MuiTypography-displayBlock"
              >
                選手一覧ページ
              </span>
            </div>
          </div>
        </a>
        <a
          className="makeStyles-link-16"
          href="/manager"
          onClick={[Function]}
        >
          <div
            aria-disabled={false}
            className="MuiButtonBase-root MuiListItem-root MuiListItem-gutters MuiListItem-button"
            onBlur={[Function]}
            onDragLeave={[Function]}
            onFocus={[Function]}
            onKeyDown={[Function]}
            onKeyUp={[Function]}
            onMouseDown={[Function]}
            onMouseLeave={[Function]}
            onMouseUp={[Function]}
            onTouchEnd={[Function]}
            onTouchMove={[Function]}
            onTouchStart={[Function]}
            role="button"
            tabIndex={0}
          >
            <div
              className="MuiListItemIcon-root"
            >
              <svg
                aria-hidden={true}
                className="MuiSvgIcon-root MuiSvgIcon-fontSizeMedium css-i4bv87-MuiSvgIcon-root"
                data-testid="PersonIcon"
                focusable="false"
                viewBox="0 0 24 24"
              >
                <path
                  d="M12 12c2.21 0 4-1.79 4-4s-1.79-4-4-4-4 1.79-4 4 1.79 4 4 4zm0 2c-2.67 0-8 1.34-8 4v2h16v-2c0-2.66-5.33-4-8-4z"
                />
              </svg>
            </div>
            <div
              className="MuiListItemText-root"
            >
              <span
                className="MuiTypography-root MuiListItemText-primary MuiTypography-body1 MuiTypography-displayBlock"
              >
                監督ページ
              </span>
            </div>
          </div>
        </a>
      </ul>
    </div>
  </div>
  <main
    className="makeStyles-content-13"
  >
    <div
      className="makeStyles-appBarSpacer-12"
    />
    <div
      className="MuiContainer-root makeStyles-container-14 MuiContainer-maxWidthLg"
    >
      <h2
        className="MuiTypography-root makeStyles-pageTitle-9 MuiTypography-h5 MuiTypography-colorInherit MuiTypography-noWrap"
      >
        タイトル
      </h2>
      <div>
        テスト
      </div>
      <div
        className="MuiBox-root MuiBox-root-17"
      >
        <p
          className="MuiTypography-root MuiTypography-body2 MuiTypography-colorTextSecondary MuiTypography-alignCenter"
        >
          Copyright © 
          <a
            color="inherit"
            href="/"
            onClick={[Function]}
          >
            管理画面
          </a>
           
          2022
          .
        </p>
      </div>
    </div>
  </main>
</div>
`;
