// Jest Snapshot v1, https://goo.gl/fbAQLP

exports[`監督ページテスト スナップショット作成 1`] = `
<div
  className="makeStyles-root-1"
>
  <header
    className="MuiPaper-root MuiAppBar-root MuiAppBar-positionAbsolute MuiAppBar-colorPrimary makeStyles-appBar-4 makeStyles-appBarShift-5 MuiPaper-elevation4"
  >
    <div
      className="MuiToolbar-root MuiToolbar-regular makeStyles-toolbar-2 MuiToolbar-gutters"
    >
      <button
        aria-label="open drawer"
        className="MuiButtonBase-root MuiIconButton-root makeStyles-menuButton-6 makeStyles-menuButtonHidden-7 MuiIconButton-colorInherit MuiIconButton-edgeStart"
        disabled={false}
        onBlur={[Function]}
        onClick={[Function]}
        onDragLeave={[Function]}
        onFocus={[Function]}
        onKeyDown={[Function]}
        onKeyUp={[Function]}
        onMouseDown={[Function]}
        onMouseLeave={[Function]}
        onMouseUp={[Function]}
        onTouchEnd={[Function]}
        onTouchMove={[Function]}
        onTouchStart={[Function]}
        tabIndex={0}
        type="button"
      >
        <span
          className="MuiIconButton-label"
        >
          <svg
            aria-hidden={true}
            className="MuiSvgIcon-root"
            focusable="false"
            viewBox="0 0 24 24"
          >
            <path
              d="M3 18h18v-2H3v2zm0-5h18v-2H3v2zm0-7v2h18V6H3z"
            />
          </svg>
        </span>
      </button>
      <h1
        className="MuiTypography-root makeStyles-title-8 MuiTypography-h6 MuiTypography-colorInherit MuiTypography-noWrap"
      >
        管理画面
      </h1>
    </div>
  </header>
  <div
    className="MuiDrawer-root MuiDrawer-docked"
  >
    <div
      className="MuiPaper-root MuiDrawer-paper makeStyles-drawerPaper-10 MuiDrawer-paperAnchorLeft MuiDrawer-paperAnchorDockedLeft MuiPaper-elevation0"
    >
      <div
        className="makeStyles-toolbarIcon-3"
      >
        <button
          className="MuiButtonBase-root MuiIconButton-root"
          disabled={false}
          onBlur={[Function]}
          onClick={[Function]}
          onDragLeave={[Function]}
          onFocus={[Function]}
          onKeyDown={[Function]}
          onKeyUp={[Function]}
          onMouseDown={[Function]}
          onMouseLeave={[Function]}
          onMouseUp={[Function]}
          onTouchEnd={[Function]}
          onTouchMove={[Function]}
          onTouchStart={[Function]}
          tabIndex={0}
          type="button"
        >
          <span
            className="MuiIconButton-label"
          >
            <svg
              aria-hidden={true}
              className="MuiSvgIcon-root"
              focusable="false"
              viewBox="0 0 24 24"
            >
              <path
                d="M15.41 7.41L14 6l-6 6 6 6 1.41-1.41L10.83 12z"
              />
            </svg>
          </span>
        </button>
      </div>
      <hr
        className="MuiDivider-root"
      />
      <ul
        className="MuiList-root MuiList-padding"
      >
        <a
          className="makeStyles-link-16"
          href="/"
          onClick={[Function]}
        >
          <div
            aria-disabled={false}
            className="MuiButtonBase-root MuiListItem-root MuiListItem-gutters MuiListItem-button"
            onBlur={[Function]}
            onDragLeave={[Function]}
            onFocus={[Function]}
            onKeyDown={[Function]}
            onKeyUp={[Function]}
            onMouseDown={[Function]}
            onMouseLeave={[Function]}
            onMouseUp={[Function]}
            onTouchEnd={[Function]}
            onTouchMove={[Function]}
            onTouchStart={[Function]}
            role="button"
            tabIndex={0}
          >
            <div
              className="MuiListItemIcon-root"
            >
              <svg
                aria-hidden={true}
                className="MuiSvgIcon-root"
                focusable="false"
                viewBox="0 0 24 24"
              >
                <path
                  d="M10 20v-6h4v6h5v-8h3L12 3 2 12h3v8z"
                />
              </svg>
            </div>
            <div
              className="MuiListItemText-root"
            >
              <span
                className="MuiTypography-root MuiListItemText-primary MuiTypography-body1 MuiTypography-displayBlock"
              >
                トップページ
              </span>
            </div>
          </div>
        </a>
        <a
          className="makeStyles-link-16"
          href="/season"
          onClick={[Function]}
        >
          <div
            aria-disabled={false}
            className="MuiButtonBase-root MuiListItem-root MuiListItem-gutters MuiListItem-button"
            onBlur={[Function]}
            onDragLeave={[Function]}
            onFocus={[Function]}
            onKeyDown={[Function]}
            onKeyUp={[Function]}
            onMouseDown={[Function]}
            onMouseLeave={[Function]}
            onMouseUp={[Function]}
            onTouchEnd={[Function]}
            onTouchMove={[Function]}
            onTouchStart={[Function]}
            role="button"
            tabIndex={0}
          >
            <div
              className="MuiListItemIcon-root"
            >
              <svg
                aria-hidden={true}
                className="MuiSvgIcon-root"
                focusable="false"
                viewBox="0 0 24 24"
              >
                <path
                  d="M10 10.02h5V21h-5zM17 21h3c1.1 0 2-.9 2-2v-9h-5v11zm3-18H5c-1.1 0-2 .9-2 2v3h19V5c0-1.1-.9-2-2-2zM3 19c0 1.1.9 2 2 2h3V10H3v9z"
                />
              </svg>
            </div>
            <div
              className="MuiListItemText-root"
            >
              <span
                className="MuiTypography-root MuiListItemText-primary MuiTypography-body1 MuiTypography-displayBlock"
              >
                チーム成績ページ
              </span>
            </div>
          </div>
        </a>
        <a
          className="makeStyles-link-16"
          href="/batting"
          onClick={[Function]}
        >
          <div
            aria-disabled={false}
            className="MuiButtonBase-root MuiListItem-root MuiListItem-gutters MuiListItem-button"
            onBlur={[Function]}
            onDragLeave={[Function]}
            onFocus={[Function]}
            onKeyDown={[Function]}
            onKeyUp={[Function]}
            onMouseDown={[Function]}
            onMouseLeave={[Function]}
            onMouseUp={[Function]}
            onTouchEnd={[Function]}
            onTouchMove={[Function]}
            onTouchStart={[Function]}
            role="button"
            tabIndex={0}
          >
            <div
              className="MuiListItemIcon-root"
            >
              <svg
                aria-hidden={true}
                className="MuiSvgIcon-root"
                focusable="false"
                viewBox="0 0 24 24"
              >
                <path
                  d="M10 10.02h5V21h-5zM17 21h3c1.1 0 2-.9 2-2v-9h-5v11zm3-18H5c-1.1 0-2 .9-2 2v3h19V5c0-1.1-.9-2-2-2zM3 19c0 1.1.9 2 2 2h3V10H3v9z"
                />
              </svg>
            </div>
            <div
              className="MuiListItemText-root"
            >
              <span
                className="MuiTypography-root MuiListItemText-primary MuiTypography-body1 MuiTypography-displayBlock"
              >
                打撃成績ページ
              </span>
            </div>
          </div>
        </a>
        <a
          className="makeStyles-link-16"
          href="/pitching"
          onClick={[Function]}
        >
          <div
            aria-disabled={false}
            className="MuiButtonBase-root MuiListItem-root MuiListItem-gutters MuiListItem-button"
            onBlur={[Function]}
            onDragLeave={[Function]}
            onFocus={[Function]}
            onKeyDown={[Function]}
            onKeyUp={[Function]}
            onMouseDown={[Function]}
            onMouseLeave={[Function]}
            onMouseUp={[Function]}
            onTouchEnd={[Function]}
            onTouchMove={[Function]}
            onTouchStart={[Function]}
            role="button"
            tabIndex={0}
          >
            <div
              className="MuiListItemIcon-root"
            >
              <svg
                aria-hidden={true}
                className="MuiSvgIcon-root"
                focusable="false"
                viewBox="0 0 24 24"
              >
                <path
                  d="M10 10.02h5V21h-5zM17 21h3c1.1 0 2-.9 2-2v-9h-5v11zm3-18H5c-1.1 0-2 .9-2 2v3h19V5c0-1.1-.9-2-2-2zM3 19c0 1.1.9 2 2 2h3V10H3v9z"
                />
              </svg>
            </div>
            <div
              className="MuiListItemText-root"
            >
              <span
                className="MuiTypography-root MuiListItemText-primary MuiTypography-body1 MuiTypography-displayBlock"
              >
                投手成績ページ
              </span>
            </div>
          </div>
        </a>
        <a
          className="makeStyles-link-16"
          href="/players"
          onClick={[Function]}
        >
          <div
            aria-disabled={false}
            className="MuiButtonBase-root MuiListItem-root MuiListItem-gutters MuiListItem-button"
            onBlur={[Function]}
            onDragLeave={[Function]}
            onFocus={[Function]}
            onKeyDown={[Function]}
            onKeyUp={[Function]}
            onMouseDown={[Function]}
            onMouseLeave={[Function]}
            onMouseUp={[Function]}
            onTouchEnd={[Function]}
            onTouchMove={[Function]}
            onTouchStart={[Function]}
            role="button"
            tabIndex={0}
          >
            <div
              className="MuiListItemIcon-root"
            >
              <svg
                aria-hidden={true}
                className="MuiSvgIcon-root"
                focusable="false"
                viewBox="0 0 24 24"
              >
                <path
                  d="M12 12c2.21 0 4-1.79 4-4s-1.79-4-4-4-4 1.79-4 4 1.79 4 4 4zm0 2c-2.67 0-8 1.34-8 4v2h16v-2c0-2.66-5.33-4-8-4z"
                />
              </svg>
            </div>
            <div
              className="MuiListItemText-root"
            >
              <span
                className="MuiTypography-root MuiListItemText-primary MuiTypography-body1 MuiTypography-displayBlock"
              >
                選手一覧ページ
              </span>
            </div>
          </div>
        </a>
        <a
          className="makeStyles-link-16"
          href="/manager"
          onClick={[Function]}
        >
          <div
            aria-disabled={false}
            className="MuiButtonBase-root MuiListItem-root MuiListItem-gutters MuiListItem-button"
            onBlur={[Function]}
            onDragLeave={[Function]}
            onFocus={[Function]}
            onKeyDown={[Function]}
            onKeyUp={[Function]}
            onMouseDown={[Function]}
            onMouseLeave={[Function]}
            onMouseUp={[Function]}
            onTouchEnd={[Function]}
            onTouchMove={[Function]}
            onTouchStart={[Function]}
            role="button"
            tabIndex={0}
          >
            <div
              className="MuiListItemIcon-root"
            >
              <svg
                aria-hidden={true}
                className="MuiSvgIcon-root"
                focusable="false"
                viewBox="0 0 24 24"
              >
                <path
                  d="M12 12c2.21 0 4-1.79 4-4s-1.79-4-4-4-4 1.79-4 4 1.79 4 4 4zm0 2c-2.67 0-8 1.34-8 4v2h16v-2c0-2.66-5.33-4-8-4z"
                />
              </svg>
            </div>
            <div
              className="MuiListItemText-root"
            >
              <span
                className="MuiTypography-root MuiListItemText-primary MuiTypography-body1 MuiTypography-displayBlock"
              >
                監督ページ
              </span>
            </div>
          </div>
        </a>
      </ul>
    </div>
  </div>
  <main
    className="makeStyles-content-13"
  >
    <div
      className="makeStyles-appBarSpacer-12"
    />
    <div
      className="MuiContainer-root makeStyles-container-14 MuiContainer-maxWidthLg"
    >
      <h2
        className="MuiTypography-root makeStyles-pageTitle-9 MuiTypography-h5 MuiTypography-colorInherit MuiTypography-noWrap"
      >
        監督ページ
      </h2>
      <div
        className="MuiPaper-root MuiTableContainer-root MuiPaper-elevation1 MuiPaper-rounded"
      >
        <div
          className="MuiTypography-root makeStyles-title-19 MuiTypography-h6"
          id="tableTitle"
        >
          <div
            className="MuiGrid-root makeStyles-grid-22 MuiGrid-container"
          >
            <div
              className="MuiGrid-root MuiGrid-item"
            >
              <div
                className="MuiPaper-root makeStyles-paper-21 MuiPaper-elevation1 MuiPaper-rounded"
              >
                
                ピタゴラス勝率
              </div>
            </div>
            <div
              className="MuiGrid-root MuiGrid-item"
            >
              <div
                className="MuiFormControl-root makeStyles-formControl-20"
              >
                <label
                  className="MuiFormLabel-root MuiInputLabel-root MuiInputLabel-formControl MuiInputLabel-animated"
                  data-shrink={false}
                  id="demo-simple-select-label"
                >
                  選択
                </label>
                <div
                  className="MuiInputBase-root MuiInput-root MuiInput-underline MuiInputBase-formControl MuiInput-formControl"
                  onClick={[Function]}
                >
                  <div
                    aria-haspopup="listbox"
                    aria-labelledby="demo-simple-select-label demo-simple-select"
                    className="MuiSelect-root MuiSelect-select MuiSelect-selectMenu MuiInputBase-input MuiInput-input"
                    id="demo-simple-select"
                    onBlur={[Function]}
                    onFocus={[Function]}
                    onKeyDown={[Function]}
                    onMouseDown={[Function]}
                    role="button"
                    tabIndex={0}
                  >
                    <span
                      dangerouslySetInnerHTML={
                        Object {
                          "__html": "&#8203;",
                        }
                      }
                    />
                  </div>
                  <input
                    aria-hidden={true}
                    className="MuiSelect-nativeInput"
                    onAnimationStart={[Function]}
                    onChange={[Function]}
                    required={false}
                    tabIndex={-1}
                    value=""
                  />
                  <svg
                    aria-hidden={true}
                    className="MuiSvgIcon-root MuiSelect-icon"
                    focusable="false"
                    viewBox="0 0 24 24"
                  >
                    <path
                      d="M7 10l5 5 5-5z"
                    />
                  </svg>
                </div>
              </div>
            </div>
          </div>
        </div>
        <table
          aria-label="simple table"
          className="MuiTable-root makeStyles-table-17"
          role={null}
        >
          <thead
            className="MuiTableHead-root"
            role={null}
          >
            <tr
              className="MuiTableRow-root MuiTableRow-head"
              role={null}
            >
              <th
                aria-sort={null}
                className="MuiTableCell-root MuiTableCell-head MuiTableCell-alignLeft MuiTableCell-paddingNone"
                scope="col"
              >
                <span
                  aria-disabled={false}
                  className="MuiButtonBase-root MuiTableSortLabel-root"
                  onBlur={[Function]}
                  onClick={[Function]}
                  onDragLeave={[Function]}
                  onFocus={[Function]}
                  onKeyDown={[Function]}
                  onKeyUp={[Function]}
                  onMouseDown={[Function]}
                  onMouseLeave={[Function]}
                  onMouseUp={[Function]}
                  onTouchEnd={[Function]}
                  onTouchMove={[Function]}
                  onTouchStart={[Function]}
                  role="button"
                  tabIndex={0}
                >
                  監督
                  <svg
                    aria-hidden={true}
                    className="MuiSvgIcon-root MuiTableSortLabel-icon MuiTableSortLabel-iconDirectionAsc"
                    focusable="false"
                    viewBox="0 0 24 24"
                  >
                    <path
                      d="M20 12l-1.41-1.41L13 16.17V4h-2v12.17l-5.58-5.59L4 12l8 8 8-8z"
                    />
                  </svg>
                </span>
              </th>
              <th
                aria-sort={null}
                className="MuiTableCell-root MuiTableCell-head MuiTableCell-alignRight MuiTableCell-paddingNone"
                scope="col"
              >
                <span
                  aria-disabled={false}
                  className="MuiButtonBase-root MuiTableSortLabel-root"
                  onBlur={[Function]}
                  onClick={[Function]}
                  onDragLeave={[Function]}
                  onFocus={[Function]}
                  onKeyDown={[Function]}
                  onKeyUp={[Function]}
                  onMouseDown={[Function]}
                  onMouseLeave={[Function]}
                  onMouseUp={[Function]}
                  onTouchEnd={[Function]}
                  onTouchMove={[Function]}
                  onTouchStart={[Function]}
                  role="button"
                  tabIndex={0}
                >
                  年数
                  <svg
                    aria-hidden={true}
                    className="MuiSvgIcon-root MuiTableSortLabel-icon MuiTableSortLabel-iconDirectionAsc"
                    focusable="false"
                    viewBox="0 0 24 24"
                  >
                    <path
                      d="M20 12l-1.41-1.41L13 16.17V4h-2v12.17l-5.58-5.59L4 12l8 8 8-8z"
                    />
                  </svg>
                </span>
              </th>
              <th
                aria-sort={null}
                className="MuiTableCell-root MuiTableCell-head MuiTableCell-alignRight MuiTableCell-paddingNone"
                scope="col"
              >
                <span
                  aria-disabled={false}
                  className="MuiButtonBase-root MuiTableSortLabel-root"
                  onBlur={[Function]}
                  onClick={[Function]}
                  onDragLeave={[Function]}
                  onFocus={[Function]}
                  onKeyDown={[Function]}
                  onKeyUp={[Function]}
                  onMouseDown={[Function]}
                  onMouseLeave={[Function]}
                  onMouseUp={[Function]}
                  onTouchEnd={[Function]}
                  onTouchMove={[Function]}
                  onTouchStart={[Function]}
                  role="button"
                  tabIndex={0}
                >
                  平均勝率
                  <svg
                    aria-hidden={true}
                    className="MuiSvgIcon-root MuiTableSortLabel-icon MuiTableSortLabel-iconDirectionAsc"
                    focusable="false"
                    viewBox="0 0 24 24"
                  >
                    <path
                      d="M20 12l-1.41-1.41L13 16.17V4h-2v12.17l-5.58-5.59L4 12l8 8 8-8z"
                    />
                  </svg>
                </span>
              </th>
              <th
                aria-sort="descending"
                className="MuiTableCell-root MuiTableCell-head MuiTableCell-alignRight MuiTableCell-paddingNone"
                scope="col"
              >
                <span
                  aria-disabled={false}
                  className="MuiButtonBase-root MuiTableSortLabel-root MuiTableSortLabel-active"
                  onBlur={[Function]}
                  onClick={[Function]}
                  onDragLeave={[Function]}
                  onFocus={[Function]}
                  onKeyDown={[Function]}
                  onKeyUp={[Function]}
                  onMouseDown={[Function]}
                  onMouseLeave={[Function]}
                  onMouseUp={[Function]}
                  onTouchEnd={[Function]}
                  onTouchMove={[Function]}
                  onTouchStart={[Function]}
                  role="button"
                  tabIndex={0}
                >
                  ピタゴラス勝率との平均差分
                  <span
                    className="makeStyles-visuallyHidden-18"
                  >
                    sorted descending
                  </span>
                  <svg
                    aria-hidden={true}
                    className="MuiSvgIcon-root MuiTableSortLabel-icon MuiTableSortLabel-iconDirectionDesc"
                    focusable="false"
                    viewBox="0 0 24 24"
                  >
                    <path
                      d="M20 12l-1.41-1.41L13 16.17V4h-2v12.17l-5.58-5.59L4 12l8 8 8-8z"
                    />
                  </svg>
                </span>
              </th>
            </tr>
          </thead>
          <tbody
            className="MuiTableBody-root"
            role={null}
          />
        </table>
      </div>
      <div
        className="MuiBox-root MuiBox-root-23"
      >
        <p
          className="MuiTypography-root MuiTypography-body2 MuiTypography-colorTextSecondary MuiTypography-alignCenter"
        >
          Copyright © 
          <a
            color="inherit"
            href="/"
            onClick={[Function]}
          >
            管理画面
          </a>
           
          2021
          .
        </p>
      </div>
    </div>
  </main>
</div>
`;
